Processing: Variety
Processing: ID
Processing: Genetic
Processing: background
Processing: Utilization
Processing: Berry
Processing: skin
Processing: color
Processing: Flower
Processing: phenotype
Processing: Geographic
Processing: origin
Processing: by
Processing: region
Processing: Bunch
Processing: density
Processing: Geographic
Processing: origin
Processing: by
Processing: country
Processing: Muscat
Processing: taste
DONE
Processing: Variety
Processing: ID
Processing: Genetic
Processing: background
Processing: Utilization
Processing: Berry
Processing: skin
Processing: color
Processing: Flower
Processing: phenotype
Processing: Geographic
Processing: origin
Processing: by
Processing: region
Processing: Bunch
Processing: density
Processing: Geographic
Processing: origin
Processing: by
Processing: country
Processing: Muscat
Processing: taste
DONE
Processing: Variety ID
Processing: Genetic background
Processing: Utilization
Processing: Berry skin color
Processing: Flower phenotype
Processing: Geographic origin by region
Processing: Bunch density
Processing: Geographic origin by country
Processing: Muscat taste
DONE
