Aug-07 12:38:59.200 [main] DEBUG nextflow.cli.Launcher - $> nextflow run main.nf -resume
Aug-07 12:38:59.486 [main] INFO  nextflow.cli.CmdRun - N E X T F L O W  ~  version 23.10.0
Aug-07 12:38:59.570 [main] DEBUG nextflow.plugin.PluginsFacade - Setting up plugin manager > mode=prod; embedded=false; plugins-dir=/mnt/home/polina.shevyakova/.nextflow/plugins; core-plugins: nf-amazon@2.1.4,nf-azure@1.3.2,nf-cloudcache@0.3.0,nf-codecommit@0.1.5,nf-console@1.0.6,nf-ga4gh@1.1.0,nf-google@1.8.3,nf-tower@1.6.3,nf-wave@1.0.0
Aug-07 12:38:59.662 [main] INFO  o.pf4j.DefaultPluginStatusProvider - Enabled plugins: []
Aug-07 12:38:59.664 [main] INFO  o.pf4j.DefaultPluginStatusProvider - Disabled plugins: []
Aug-07 12:38:59.673 [main] INFO  org.pf4j.DefaultPluginManager - PF4J version 3.4.1 in 'deployment' mode
Aug-07 12:38:59.690 [main] INFO  org.pf4j.AbstractPluginManager - No plugins
Aug-07 12:38:59.759 [main] DEBUG nextflow.config.ConfigBuilder - Found config local: /mnt/nas0/user/polina.shevyakova/single_cell_pipeline/nextflow.config
Aug-07 12:38:59.760 [main] DEBUG nextflow.config.ConfigBuilder - Parsing config file: /mnt/nas0/user/polina.shevyakova/single_cell_pipeline/nextflow.config
Aug-07 12:38:59.805 [main] DEBUG nextflow.config.ConfigBuilder - Applying config profile: `standard`
Aug-07 12:39:01.586 [main] DEBUG nextflow.cli.CmdRun - Applied DSL=2 from script declararion
Aug-07 12:39:01.654 [main] INFO  nextflow.cli.CmdRun - Launching `main.nf` [tiny_coulomb] DSL2 - revision: dcdfcb806e
Aug-07 12:39:01.655 [main] DEBUG nextflow.plugin.PluginsFacade - Plugins default=[]
Aug-07 12:39:01.656 [main] DEBUG nextflow.plugin.PluginsFacade - Plugins resolved requirement=[]
Aug-07 12:39:01.675 [main] DEBUG n.secret.LocalSecretsProvider - Secrets store: /mnt/home/polina.shevyakova/.nextflow/secrets/store.json
Aug-07 12:39:01.679 [main] DEBUG nextflow.secret.SecretsLoader - Discovered secrets providers: [nextflow.secret.LocalSecretsProvider@7a583586] - activable => nextflow.secret.LocalSecretsProvider@7a583586
Aug-07 12:39:01.791 [main] DEBUG nextflow.Session - Session UUID: 7b59da9c-7c93-4cd0-a55c-f5c9077ecbcb
Aug-07 12:39:01.791 [main] DEBUG nextflow.Session - Run name: tiny_coulomb
Aug-07 12:39:01.792 [main] DEBUG nextflow.Session - Executor pool size: 2
Aug-07 12:39:01.800 [main] DEBUG nextflow.file.FilePorter - File porter settings maxRetries=3; maxTransfers=50; pollTimeout=null
Aug-07 12:39:01.805 [main] DEBUG nextflow.util.ThreadPoolBuilder - Creating thread pool 'FileTransfer' minSize=10; maxSize=10; workQueue=LinkedBlockingQueue[10000]; allowCoreThreadTimeout=false
Aug-07 12:39:01.899 [main] DEBUG nextflow.cli.CmdRun - 
  Version: 23.10.0 build 5889
  Created: 15-10-2023 15:07 UTC 
  System: Linux 6.5.0-14-generic
  Runtime: Groovy 3.0.19 on OpenJDK 64-Bit Server VM 19.0.2+7-Ubuntu-0ubuntu322.04
  Encoding: UTF-8 (UTF-8)
  Process: 444353@ssh-01.local.abi.am [172.20.200.17]
  CPUs: 1 - Mem: 1 GB (201.8 MB) - Swap: 0 (0)
Aug-07 12:39:02.041 [main] DEBUG nextflow.Session - Work-dir: /mnt/nas0/user/polina.shevyakova/single_cell_pipeline/work [nfs]
Aug-07 12:39:02.054 [main] DEBUG nextflow.Session - Script base path does not exist or is not a directory: /mnt/nas0/user/polina.shevyakova/single_cell_pipeline/bin
Aug-07 12:39:02.078 [main] DEBUG nextflow.executor.ExecutorFactory - Extension executors providers=[]
Aug-07 12:39:02.088 [main] DEBUG nextflow.Session - Observer factory: DefaultObserverFactory
Aug-07 12:39:02.197 [main] DEBUG nextflow.cache.CacheFactory - Using Nextflow cache factory: nextflow.cache.DefaultCacheFactory
Aug-07 12:39:02.215 [main] DEBUG nextflow.util.CustomThreadPool - Creating default thread pool > poolSize: 2; maxThreads: 1000
Aug-07 12:39:02.585 [main] DEBUG nextflow.Session - Session start
Aug-07 12:39:02.591 [main] DEBUG nextflow.trace.TraceFileObserver - Workflow started -- trace file: /mnt/nas0/user/polina.shevyakova/single_cell_pipeline/results/pipeline_info/trace.tsv
Aug-07 12:39:04.562 [main] DEBUG nextflow.script.ScriptRunner - > Launching execution
Aug-07 12:39:05.010 [main] DEBUG nextflow.script.ProcessConfig - Config settings `withName:QC` matches process QC
Aug-07 12:39:05.078 [main] DEBUG nextflow.executor.ExecutorFactory - << taskConfig executor: slurm
Aug-07 12:39:05.079 [main] DEBUG nextflow.executor.ExecutorFactory - >> processorType: 'slurm'
Aug-07 12:39:05.091 [main] DEBUG nextflow.executor.Executor - [warm up] executor > slurm
Aug-07 12:39:05.102 [main] DEBUG n.processor.TaskPollingMonitor - Creating task monitor for executor 'slurm' > capacity: 100; pollInterval: 5s; dumpInterval: 5m 
Aug-07 12:39:05.104 [main] DEBUG n.processor.TaskPollingMonitor - >>> barrier register (monitor: slurm)
Aug-07 12:39:05.108 [main] DEBUG n.executor.AbstractGridExecutor - Creating executor 'slurm' > queue-stat-interval: 1m
Aug-07 12:39:05.362 [main] DEBUG nextflow.script.ProcessConfig - Config settings `withName:DOUBLETS` matches process DOUBLETS
Aug-07 12:39:05.363 [main] DEBUG nextflow.executor.ExecutorFactory - << taskConfig executor: slurm
Aug-07 12:39:05.363 [main] DEBUG nextflow.executor.ExecutorFactory - >> processorType: 'slurm'
Aug-07 12:39:05.456 [main] DEBUG nextflow.script.ProcessConfig - Config settings `withName:MERGE` matches process MERGE
Aug-07 12:39:05.458 [main] DEBUG nextflow.executor.ExecutorFactory - << taskConfig executor: slurm
Aug-07 12:39:05.459 [main] DEBUG nextflow.executor.ExecutorFactory - >> processorType: 'slurm'
Aug-07 12:39:05.467 [main] DEBUG nextflow.script.ProcessConfig - Config settings `withName:NORMALIZE` matches process NORMALIZE
Aug-07 12:39:05.469 [main] DEBUG nextflow.executor.ExecutorFactory - << taskConfig executor: slurm
Aug-07 12:39:05.469 [main] DEBUG nextflow.executor.ExecutorFactory - >> processorType: 'slurm'
Aug-07 12:39:05.474 [main] DEBUG nextflow.script.ProcessConfig - Config settings `withName:HARMONY` matches process HARMONY
Aug-07 12:39:05.475 [main] DEBUG nextflow.executor.ExecutorFactory - << taskConfig executor: slurm
Aug-07 12:39:05.476 [main] DEBUG nextflow.executor.ExecutorFactory - >> processorType: 'slurm'
Aug-07 12:39:05.480 [main] DEBUG nextflow.Session - Workflow process names [dsl2]: QC, MERGE, HARMONY, DOUBLETS, NORMALIZE
Aug-07 12:39:05.483 [main] DEBUG nextflow.Session - Igniting dataflow network (6)
Aug-07 12:39:05.485 [main] DEBUG nextflow.processor.TaskProcessor - Starting process > QC
Aug-07 12:39:05.490 [main] DEBUG nextflow.processor.TaskProcessor - Starting process > DOUBLETS
Aug-07 12:39:05.496 [main] DEBUG nextflow.processor.TaskProcessor - Starting process > MERGE
Aug-07 12:39:05.497 [main] DEBUG nextflow.processor.TaskProcessor - Starting process > NORMALIZE
Aug-07 12:39:05.498 [main] DEBUG nextflow.processor.TaskProcessor - Starting process > HARMONY
Aug-07 12:39:05.498 [main] DEBUG nextflow.script.ScriptRunner - Parsed script files:
  Script_cd368af19f5f978a: /mnt/nas0/user/polina.shevyakova/single_cell_pipeline/main.nf
Aug-07 12:39:05.498 [main] DEBUG nextflow.script.ScriptRunner - > Awaiting termination 
Aug-07 12:39:05.498 [main] DEBUG nextflow.Session - Session await
Aug-07 12:39:06.106 [Actor Thread 1] INFO  nextflow.processor.TaskProcessor - [3f/0412c1] Cached process > QC (control)
Aug-07 12:39:06.108 [Actor Thread 4] INFO  nextflow.processor.TaskProcessor - [a4/5bbaa8] Cached process > QC (stim)
Aug-07 12:39:06.256 [Actor Thread 1] DEBUG nextflow.util.ThreadPoolBuilder - Creating thread pool 'PublishDir' minSize=10; maxSize=10; workQueue=LinkedBlockingQueue[10000]; allowCoreThreadTimeout=false
Aug-07 12:39:06.288 [Actor Thread 3] INFO  nextflow.processor.TaskProcessor - [af/770913] Cached process > DOUBLETS (stim)
Aug-07 12:39:06.293 [Actor Thread 7] INFO  nextflow.processor.TaskProcessor - [d5/edcf33] Cached process > DOUBLETS (control)
Aug-07 12:39:06.415 [Actor Thread 6] INFO  nextflow.processor.TaskProcessor - [2d/a47d33] Cached process > MERGE (merge)
Aug-07 12:39:07.740 [Task submitter] DEBUG nextflow.executor.GridTaskHandler - [SLURM] submitted process NORMALIZE (normalize) > jobId: 4953; workDir: /mnt/nas0/user/polina.shevyakova/single_cell_pipeline/work/4a/4686e5703fcc94af0aa721dcc1aaf3
Aug-07 12:39:07.741 [Task submitter] INFO  nextflow.Session - [4a/4686e5] Submitted process > NORMALIZE (normalize)
Aug-07 12:40:20.124 [Task monitor] DEBUG n.processor.TaskPollingMonitor - Task completed > TaskHandler[jobId: 4953; id: 6; name: NORMALIZE (normalize); status: COMPLETED; exit: 0; error: -; workDir: /mnt/nas0/user/polina.shevyakova/single_cell_pipeline/work/4a/4686e5703fcc94af0aa721dcc1aaf3 started: 1786106390120; exited: 2026-08-07T12:39:51.299664Z; ]
Aug-07 12:40:20.210 [Task submitter] DEBUG nextflow.executor.GridTaskHandler - [SLURM] submitted process HARMONY (harmony) > jobId: 4954; workDir: /mnt/nas0/user/polina.shevyakova/single_cell_pipeline/work/d4/de21411a0cfcabef395491bf5bb668
Aug-07 12:40:20.210 [Task submitter] INFO  nextflow.Session - [d4/de2141] Submitted process > HARMONY (harmony)
Aug-07 12:40:55.127 [Task monitor] DEBUG n.processor.TaskPollingMonitor - Task completed > TaskHandler[jobId: 4954; id: 7; name: HARMONY (harmony); status: COMPLETED; exit: 0; error: -; workDir: /mnt/nas0/user/polina.shevyakova/single_cell_pipeline/work/d4/de21411a0cfcabef395491bf5bb668 started: 1786106455124; exited: 2026-08-07T12:40:49.223097Z; ]
Aug-07 12:40:55.133 [main] DEBUG nextflow.Session - Session await > all processes finished
Aug-07 12:40:55.137 [Task monitor] DEBUG n.processor.TaskPollingMonitor - <<< barrier arrives (monitor: slurm) - terminating tasks monitor poll loop
Aug-07 12:40:55.138 [main] DEBUG nextflow.Session - Session await > all barriers passed
Aug-07 12:40:57.179 [main] DEBUG nextflow.util.ThreadPoolManager - Thread pool 'PublishDir' shutdown completed (hard=false)
Aug-07 12:40:57.189 [main] DEBUG n.trace.WorkflowStatsObserver - Workflow completed > WorkflowStats[succeededCount=2; failedCount=0; ignoredCount=0; cachedCount=5; pendingCount=0; submittedCount=0; runningCount=0; retriesCount=0; abortedCount=0; succeedDuration=2m 6s; failedDuration=0ms; cachedDuration=21m 44s;loadCpus=0; loadMemory=0; peakRunning=1; peakCpus=4; peakMemory=32 GB; ]
Aug-07 12:40:57.189 [main] DEBUG nextflow.trace.TraceFileObserver - Workflow completed -- saving trace file
Aug-07 12:40:57.192 [main] DEBUG nextflow.trace.ReportObserver - Workflow completed -- rendering execution report
Aug-07 12:40:58.276 [main] DEBUG nextflow.trace.TimelineObserver - Workflow completed -- rendering execution timeline
Aug-07 12:40:58.596 [main] DEBUG nextflow.cache.CacheDB - Closing CacheDB done
Aug-07 12:40:58.617 [main] DEBUG nextflow.util.ThreadPoolManager - Thread pool 'FileTransfer' shutdown completed (hard=false)
Aug-07 12:40:58.617 [main] DEBUG nextflow.script.ScriptRunner - > Execution complete -- Goodbye
