Jul-31 12:48:18.663 [main] DEBUG nextflow.cli.Launcher - $> nextflow run main.nf -resume
Jul-31 12:48:18.884 [main] INFO  nextflow.cli.CmdRun - N E X T F L O W  ~  version 23.10.0
Jul-31 12:48:19.015 [main] DEBUG nextflow.plugin.PluginsFacade - Setting up plugin manager > mode=prod; embedded=false; plugins-dir=/mnt/home/polina.shevyakova/.nextflow/plugins; core-plugins: nf-amazon@2.1.4,nf-azure@1.3.2,nf-cloudcache@0.3.0,nf-codecommit@0.1.5,nf-console@1.0.6,nf-ga4gh@1.1.0,nf-google@1.8.3,nf-tower@1.6.3,nf-wave@1.0.0
Jul-31 12:48:19.057 [main] INFO  o.pf4j.DefaultPluginStatusProvider - Enabled plugins: []
Jul-31 12:48:19.059 [main] INFO  o.pf4j.DefaultPluginStatusProvider - Disabled plugins: []
Jul-31 12:48:19.064 [main] INFO  org.pf4j.DefaultPluginManager - PF4J version 3.4.1 in 'deployment' mode
Jul-31 12:48:19.092 [main] INFO  org.pf4j.AbstractPluginManager - No plugins
Jul-31 12:48:19.171 [main] DEBUG nextflow.config.ConfigBuilder - Found config local: /mnt/nas0/user/polina.shevyakova/grapewines_project/admixture/nextflow.config
Jul-31 12:48:19.175 [main] DEBUG nextflow.config.ConfigBuilder - Parsing config file: /mnt/nas0/user/polina.shevyakova/grapewines_project/admixture/nextflow.config
Jul-31 12:48:19.284 [main] DEBUG nextflow.config.ConfigBuilder - Applying config profile: `standard`
Jul-31 12:48:20.706 [main] DEBUG nextflow.cli.CmdRun - Applied DSL=2 from script declararion
Jul-31 12:48:20.773 [main] INFO  nextflow.cli.CmdRun - Launching `main.nf` [loving_gates] DSL2 - revision: 97b7411290
Jul-31 12:48:20.774 [main] DEBUG nextflow.plugin.PluginsFacade - Plugins default=[]
Jul-31 12:48:20.774 [main] DEBUG nextflow.plugin.PluginsFacade - Plugins resolved requirement=[]
Jul-31 12:48:20.784 [main] DEBUG n.secret.LocalSecretsProvider - Secrets store: /mnt/home/polina.shevyakova/.nextflow/secrets/store.json
Jul-31 12:48:20.788 [main] DEBUG nextflow.secret.SecretsLoader - Discovered secrets providers: [nextflow.secret.LocalSecretsProvider@b887730] - activable => nextflow.secret.LocalSecretsProvider@b887730
Jul-31 12:48:20.958 [main] DEBUG nextflow.Session - Session UUID: 29c9a27c-d66f-4b98-9951-a46ce4b2d7c9
Jul-31 12:48:20.958 [main] DEBUG nextflow.Session - Run name: loving_gates
Jul-31 12:48:20.958 [main] DEBUG nextflow.Session - Executor pool size: 2
Jul-31 12:48:20.966 [main] DEBUG nextflow.file.FilePorter - File porter settings maxRetries=3; maxTransfers=50; pollTimeout=null
Jul-31 12:48:20.971 [main] DEBUG nextflow.util.ThreadPoolBuilder - Creating thread pool 'FileTransfer' minSize=10; maxSize=10; workQueue=LinkedBlockingQueue[10000]; allowCoreThreadTimeout=false
Jul-31 12:48:21.057 [main] DEBUG nextflow.cli.CmdRun - 
  Version: 23.10.0 build 5889
  Created: 15-10-2023 15:07 UTC 
  System: Linux 6.5.0-14-generic
  Runtime: Groovy 3.0.19 on OpenJDK 64-Bit Server VM 19.0.2+7-Ubuntu-0ubuntu322.04
  Encoding: UTF-8 (UTF-8)
  Process: 3648050@ssh-01.local.abi.am [172.20.200.17]
  CPUs: 1 - Mem: 1 GB (546.8 MB) - Swap: 0 (0)
Jul-31 12:48:21.109 [main] DEBUG nextflow.Session - Work-dir: /mnt/nas0/user/polina.shevyakova/grapewines_project/admixture/work [nfs]
Jul-31 12:48:21.154 [main] DEBUG nextflow.Session - Script base path does not exist or is not a directory: /mnt/nas0/user/polina.shevyakova/grapewines_project/admixture/bin
Jul-31 12:48:21.170 [main] DEBUG nextflow.executor.ExecutorFactory - Extension executors providers=[]
Jul-31 12:48:21.182 [main] DEBUG nextflow.Session - Observer factory: DefaultObserverFactory
Jul-31 12:48:21.300 [main] DEBUG nextflow.cache.CacheFactory - Using Nextflow cache factory: nextflow.cache.DefaultCacheFactory
Jul-31 12:48:21.457 [main] DEBUG nextflow.util.CustomThreadPool - Creating default thread pool > poolSize: 2; maxThreads: 1000
Jul-31 12:48:21.656 [main] DEBUG nextflow.Session - Session start
Jul-31 12:48:21.662 [main] DEBUG nextflow.trace.TraceFileObserver - Workflow started -- trace file: /mnt/nas0/user/polina.shevyakova/grapewines_project/admixture/log/trace.txt
Jul-31 12:48:23.088 [main] DEBUG nextflow.script.ScriptRunner - > Launching execution
Jul-31 12:48:23.380 [main] DEBUG nextflow.script.ProcessConfig - Config settings `withName:EXTRACT_CV` matches process EXTRACT_CV
Jul-31 12:48:23.408 [main] DEBUG nextflow.executor.ExecutorFactory - << taskConfig executor: slurm
Jul-31 12:48:23.408 [main] DEBUG nextflow.executor.ExecutorFactory - >> processorType: 'slurm'
Jul-31 12:48:23.464 [main] DEBUG nextflow.executor.Executor - [warm up] executor > slurm
Jul-31 12:48:23.472 [main] DEBUG n.processor.TaskPollingMonitor - Creating task monitor for executor 'slurm' > capacity: 100; pollInterval: 5s; dumpInterval: 5m 
Jul-31 12:48:23.473 [main] DEBUG n.processor.TaskPollingMonitor - >>> barrier register (monitor: slurm)
Jul-31 12:48:23.480 [main] DEBUG n.executor.AbstractGridExecutor - Creating executor 'slurm' > queue-stat-interval: 1m
Jul-31 12:48:23.668 [main] DEBUG nextflow.script.ProcessConfig - Config settings `withName:PLOT_CV` matches process PLOT_CV
Jul-31 12:48:23.669 [main] DEBUG nextflow.executor.ExecutorFactory - << taskConfig executor: slurm
Jul-31 12:48:23.669 [main] DEBUG nextflow.executor.ExecutorFactory - >> processorType: 'slurm'
Jul-31 12:48:23.779 [main] DEBUG nextflow.script.ProcessConfig - Config settings `withName:BUILD_ORDERS` matches process BUILD_ORDERS
Jul-31 12:48:23.780 [main] DEBUG nextflow.executor.ExecutorFactory - << taskConfig executor: slurm
Jul-31 12:48:23.780 [main] DEBUG nextflow.executor.ExecutorFactory - >> processorType: 'slurm'
Jul-31 12:48:23.786 [main] DEBUG nextflow.script.ProcessConfig - Config settings `withName:PLOT_ADMIXTURE_GRID` matches process PLOT_ADMIXTURE_GRID
Jul-31 12:48:23.786 [main] DEBUG nextflow.executor.ExecutorFactory - << taskConfig executor: slurm
Jul-31 12:48:23.786 [main] DEBUG nextflow.executor.ExecutorFactory - >> processorType: 'slurm'
Jul-31 12:48:23.792 [main] DEBUG nextflow.Session - Workflow process names [dsl2]: PLOT_ADMIXTURE_GRID, PLOT_CV, BUILD_ORDERS, EXTRACT_CV
Jul-31 12:48:23.794 [main] DEBUG nextflow.Session - Igniting dataflow network (8)
Jul-31 12:48:23.807 [main] DEBUG nextflow.processor.TaskProcessor - Starting process > EXTRACT_CV
Jul-31 12:48:23.857 [main] DEBUG nextflow.processor.TaskProcessor - Starting process > PLOT_CV
Jul-31 12:48:23.861 [main] DEBUG nextflow.processor.TaskProcessor - Starting process > BUILD_ORDERS
Jul-31 12:48:23.861 [main] DEBUG nextflow.processor.TaskProcessor - Starting process > PLOT_ADMIXTURE_GRID
Jul-31 12:48:23.861 [main] DEBUG nextflow.script.ScriptRunner - Parsed script files:
  Script_98aa232661332f7b: /mnt/nas0/user/polina.shevyakova/grapewines_project/admixture/main.nf
Jul-31 12:48:23.861 [main] DEBUG nextflow.script.ScriptRunner - > Awaiting termination 
Jul-31 12:48:23.861 [main] DEBUG nextflow.Session - Session await
Jul-31 12:48:23.871 [PathVisitor-2] DEBUG nextflow.file.PathVisitor - files for syntax: glob; folder: /mnt/nas0/user/polina.shevyakova/grapewines_project/admixture/results/; pattern: cauc_filtered.final.*.Q; options: [checkIfExists:true]
Jul-31 12:48:24.561 [Task submitter] DEBUG nextflow.executor.GridTaskHandler - [SLURM] submitted process EXTRACT_CV (Extract ADMIXTURE CV) > jobId: 4675; workDir: /mnt/nas0/user/polina.shevyakova/grapewines_project/admixture/work/ab/80e4c2f1c70b1285eb14d4e2cf42b3
Jul-31 12:48:24.561 [Task submitter] INFO  nextflow.Session - [ab/80e4c2] Submitted process > EXTRACT_CV (Extract ADMIXTURE CV)
Jul-31 12:48:24.582 [Task submitter] DEBUG nextflow.executor.GridTaskHandler - [SLURM] submitted process BUILD_ORDERS (Build ADMIXTURE orders) > jobId: 4676; workDir: /mnt/nas0/user/polina.shevyakova/grapewines_project/admixture/work/5c/0abde7a0b70882ee1e7e40fe4b491e
Jul-31 12:48:24.582 [Task submitter] INFO  nextflow.Session - [5c/0abde7] Submitted process > BUILD_ORDERS (Build ADMIXTURE orders)
Jul-31 12:48:58.490 [Task monitor] DEBUG n.processor.TaskPollingMonitor - Task completed > TaskHandler[jobId: 4675; id: 1; name: EXTRACT_CV (Extract ADMIXTURE CV); status: COMPLETED; exit: 0; error: -; workDir: /mnt/nas0/user/polina.shevyakova/grapewines_project/admixture/work/ab/80e4c2f1c70b1285eb14d4e2cf42b3 started: 1785502138484; exited: 2026-07-31T12:48:31.752147Z; ]
Jul-31 12:48:58.569 [Task monitor] DEBUG nextflow.util.ThreadPoolBuilder - Creating thread pool 'PublishDir' minSize=10; maxSize=10; workQueue=LinkedBlockingQueue[10000]; allowCoreThreadTimeout=false
Jul-31 12:48:58.601 [Task submitter] DEBUG nextflow.executor.GridTaskHandler - [SLURM] submitted process PLOT_CV (Plot CV curve) > jobId: 4677; workDir: /mnt/nas0/user/polina.shevyakova/grapewines_project/admixture/work/39/347bf79254741f0338dc7ab48f9d9c
Jul-31 12:48:58.602 [Task submitter] INFO  nextflow.Session - [39/347bf7] Submitted process > PLOT_CV (Plot CV curve)
Jul-31 12:48:58.676 [Task monitor] DEBUG n.processor.TaskPollingMonitor - Task completed > TaskHandler[jobId: 4676; id: 2; name: BUILD_ORDERS (Build ADMIXTURE orders); status: COMPLETED; exit: 0; error: -; workDir: /mnt/nas0/user/polina.shevyakova/grapewines_project/admixture/work/5c/0abde7a0b70882ee1e7e40fe4b491e started: 1785502138672; exited: 2026-07-31T12:48:31.861917Z; ]
Jul-31 12:48:58.859 [Task submitter] DEBUG nextflow.executor.GridTaskHandler - [SLURM] submitted process PLOT_ADMIXTURE_GRID (ADMIXTURE ordering comparison) > jobId: 4678; workDir: /mnt/nas0/user/polina.shevyakova/grapewines_project/admixture/work/d8/a29257acd25022345ffd5dbb0bb2c5
Jul-31 12:48:58.859 [Task submitter] INFO  nextflow.Session - [d8/a29257] Submitted process > PLOT_ADMIXTURE_GRID (ADMIXTURE ordering comparison)
Jul-31 12:49:03.488 [Task monitor] DEBUG n.processor.TaskPollingMonitor - Task completed > TaskHandler[jobId: 4677; id: 3; name: PLOT_CV (Plot CV curve); status: COMPLETED; exit: 0; error: -; workDir: /mnt/nas0/user/polina.shevyakova/grapewines_project/admixture/work/39/347bf79254741f0338dc7ab48f9d9c started: 1785502143483; exited: 2026-07-31T12:49:02.918799Z; ]
Jul-31 12:49:33.486 [Task monitor] DEBUG n.processor.TaskPollingMonitor - Task completed > TaskHandler[jobId: 4678; id: 4; name: PLOT_ADMIXTURE_GRID (ADMIXTURE ordering comparison); status: COMPLETED; exit: 0; error: -; workDir: /mnt/nas0/user/polina.shevyakova/grapewines_project/admixture/work/d8/a29257acd25022345ffd5dbb0bb2c5 started: 1785502143504; exited: 2026-07-31T12:49:27.659347Z; ]
Jul-31 12:49:33.508 [main] DEBUG nextflow.Session - Session await > all processes finished
Jul-31 12:49:33.543 [Task monitor] DEBUG n.processor.TaskPollingMonitor - <<< barrier arrives (monitor: slurm) - terminating tasks monitor poll loop
Jul-31 12:49:33.544 [main] DEBUG nextflow.Session - Session await > all barriers passed
Jul-31 12:49:33.551 [main] DEBUG nextflow.util.ThreadPoolManager - Thread pool 'PublishDir' shutdown completed (hard=false)
Jul-31 12:49:33.558 [main] DEBUG n.trace.WorkflowStatsObserver - Workflow completed > WorkflowStats[succeededCount=4; failedCount=0; ignoredCount=0; cachedCount=0; pendingCount=0; submittedCount=0; runningCount=0; retriesCount=0; abortedCount=0; succeedDuration=55.2s; failedDuration=0ms; cachedDuration=0ms;loadCpus=0; loadMemory=0; peakRunning=1; peakCpus=2; peakMemory=8 GB; ]
Jul-31 12:49:33.558 [main] DEBUG nextflow.trace.TraceFileObserver - Workflow completed -- saving trace file
Jul-31 12:49:33.561 [main] DEBUG nextflow.trace.ReportObserver - Workflow completed -- rendering execution report
Jul-31 12:49:34.658 [main] DEBUG nextflow.trace.TimelineObserver - Workflow completed -- rendering execution timeline
Jul-31 12:49:35.014 [main] DEBUG nextflow.cache.CacheDB - Closing CacheDB done
Jul-31 12:49:35.067 [main] DEBUG nextflow.util.ThreadPoolManager - Thread pool 'FileTransfer' shutdown completed (hard=false)
Jul-31 12:49:35.068 [main] DEBUG nextflow.script.ScriptRunner - > Execution complete -- Goodbye
